// Jest Snapshot v1, https://goo.gl/fbAQLP

exports[`<Button /> renders in the primary state 1`] = `
<button
  class="Button__ButtonContainer-sc-3gfsk5-0 jekWvy"
>
  <h4>
    Click here
  </h4>
</button>
`;
